 room 4
load:0x40080404,len:3860
entry 0x4008063c
I (31) boot: ESP-IDF v5.4.1 2nd stage bootloader
I (31) boot: compile time Oct 26 2025 00:10:08
I (31) boot: Multicore bootloader
I (32) boot: chip revision: v3.1
I (35) boot.esp32: SPI Speed      : 40MHz
I (39) boot.esp32: SPI Mode       : DIO
I (43) boot.esp32: SPI Flash Size : 2MB
I (46) boot: Enabling RNG early entropy source...
I (51) boot: Partition Table:
I (53) boot: ## Label            Usage          Type ST Offset   Length
I (60) boot:  0 nvs              WiFi data        01 02 00009000 00006000
I (66) boot:  1 phy_init         RF data          01 01 0000f000 00001000
I (73) boot:  2 factory          factory app      00 00 00010000 00100000
I (79) boot: End of partition table
I (82) esp_image: segment 0: paddr=00010020 vaddr=3f400020 size=236bch (145084) map
I (139) esp_image: segment 1: paddr=000336e4 vaddr=3ff80000 size=0001ch (    28) load
I (140) esp_image: segment 2: paddr=00033708 vaddr=3ffbdb60 size=04b78h ( 19320) load
I (150) esp_image: segment 3: paddr=00038288 vaddr=40080000 size=07d90h ( 32144) load
I (163) esp_image: segment 4: paddr=00040020 vaddr=400d0020 size=8e5b0h (583088) map
I (363) esp_image: segment 5: paddr=000ce5d8 vaddr=40087d90 size=0eed4h ( 61140) load
I (398) boot: Loaded app from partition at offset 0x10000
I (398) boot: Disabling RNG early entropy source...
I (409) cpu_start: Multicore app
I (417) cpu_start: Pro cpu start user code
I (417) cpu_start: cpu freq: 160000000 Hz
I (417) app_init: Application information:
I (417) app_init: Project name:     WiimoteESP32-hci
I (422) app_init: App version:      803a02a-dirty
I (426) app_init: Compile time:     Oct 26 2025 00:08:42
I (431) app_init: ELF file SHA256:  dee7018ad...
I (436) app_init: ESP-IDF:          v5.4.1
I (439) efuse_init: Min chip rev:     v0.0
I (443) efuse_init: Max chip rev:     v3.99 
I (447) efuse_init: Chip rev:         v3.1
I (451) heap_init: Initializing. RAM available for dynamic allocation:
I (457) heap_init: At 3FFAFF10 len 000000F0 (0 KiB): DRAM
I (462) heap_init: At 3FFB6388 len 00001C78 (7 KiB): DRAM
I (467) heap_init: At 3FFB9A20 len 00004108 (16 KiB): DRAM
I (473) heap_init: At 3FFC8300 len 00017D00 (95 KiB): DRAM
I (478) heap_init: At 3FFE0440 len 00003AE0 (14 KiB): D/IRAM
I (483) heap_init: At 3FFE4350 len 0001BCB0 (111 KiB): D/IRAM
I (489) heap_init: At 40096C64 len 0000939C (36 KiB): IRAM
I (496) spi_flash: detected chip: generic
I (498) spi_flash: flash io: dio
W (501) spi_flash: Detected size(4096k) larger than the size in the binary image header(2048k). Using the size in the binary image header.
I (514) coexist: coex firmware version: e727207
I (518) main_task: Started on CPU0
I (528) main_task: Calling app_main()
I (538) BTDM_INIT: BT controller compile version [dc1cd58]
I (538) BTDM_INIT: Bluetooth MAC: e8:6b:ea:df:c2:2a
I (538) phy_init: phy_version 4860,6b7a6e5,Feb  6 2025,14:47:07
I (1198) app_main: Own address:[E8 6B EA DF C2 2A]
I (1208) app_main: exiting
I (1208) main_task: Returned from app_main()
