 room 4
load:0x40080404,len:3860
entry 0x4008063c
I (31) boot: ESP-IDF v5.4.1 2nd stage bootloader
I (31) boot: compile time Oct 26 2025 00:10:08
I (31) boot: Multicore bootloader
I (32) boot: chip revision: v3.1
I (35) boot.esp32: SPI Speed      : 40MHz
I (39) boot.esp32: SPI Mode       : DIO
I (43) boot.esp32: SPI Flash Size : 2MB
I (46) boot: Enabling RNG early entropy source...
I (51) boot: Partition Table:
I (53) boot: ## Label            Usage          Type ST Offset   Length
I (60) boot:  0 nvs              WiFi data        01 02 00009000 00006000
I (66) boot:  1 phy_init         RF data          01 01 0000f000 00001000
I (73) boot:  2 factory          factory app      00 00 00010000 00100000
I (79) boot: End of partition table
I (82) esp_image: segment 0: paddr=00010020 vaddr=3f400020 size=0cadch ( 51932) map
I (108) esp_image: segment 1: paddr=0001cb04 vaddr=3ff80000 size=0001ch (    28) load
I (108) esp_image: segment 2: paddr=0001cb28 vaddr=3ffbdb60 size=034f0h ( 13552) load
I (117) esp_image: segment 3: paddr=00020020 vaddr=400d0020 size=35760h (218976) map
I (194) esp_image: segment 4: paddr=00055788 vaddr=3ffc1050 size=01650h (  5712) load
I (196) esp_image: segment 5: paddr=00056de0 vaddr=40080000 size=16c38h ( 93240) load
I (245) boot: Loaded app from partition at offset 0x10000
I (245) boot: Disabling RNG early entropy source...
I (256) cpu_start: Multicore app
I (264) cpu_start: Pro cpu start user code
I (264) cpu_start: cpu freq: 160000000 Hz
I (264) app_init: Application information:
I (264) app_init: Project name:     WiimoteESP32-hci
I (269) app_init: App version:      ee985a3-dirty
I (273) app_init: Compile time:     Oct 26 2025 01:35:30
I (278) app_init: ELF file SHA256:  f7313f463...
I (283) app_init: ESP-IDF:          v5.4.1
I (286) efuse_init: Min chip rev:     v0.0
I (290) efuse_init: Max chip rev:     v3.99 
I (294) efuse_init: Chip rev:         v3.1
I (298) heap_init: Initializing. RAM available for dynamic allocation:
I (304) heap_init: At 3FFAFF10 len 000000F0 (0 KiB): DRAM
I (309) heap_init: At 3FFB6388 len 00001C78 (7 KiB): DRAM
I (315) heap_init: At 3FFB9A20 len 00004108 (16 KiB): DRAM
I (320) heap_init: At 3FFC3EF8 len 0001C108 (112 KiB): DRAM
I (325) heap_init: At 3FFE0440 len 00003AE0 (14 KiB): D/IRAM
I (330) heap_init: At 3FFE4350 len 0001BCB0 (111 KiB): D/IRAM
I (336) heap_init: At 40096C38 len 000093C8 (36 KiB): IRAM
I (343) spi_flash: detected chip: generic
I (345) spi_flash: flash io: dio
W (348) spi_flash: Detected size(4096k) larger than the size in the binary image header(2048k). Using the size in the binary image header.
I (361) coexist: coex firmware version: e727207
I (365) main_task: Started on CPU0
I (375) main_task: Calling app_main()
I (385) BTDM_INIT: BT controller compile version [dc1cd58]
I (385) BTDM_INIT: Bluetooth MAC: e8:6b:ea:df:c2:2a
I (385) phy_init: phy_version 4860,6b7a6e5,Feb  6 2025,14:47:07
I (945) app_main: exiting
I (945) main_task: Returned from app_main()
